erdbeerhugel\data\layers\m_000_000_lco.png
erdbeerhugel\data\layers\m_000_001_lco.png
erdbeerhugel\data\layers\m_000_002_lco.png
erdbeerhugel\data\layers\m_000_003_lco.png
erdbeerhugel\data\layers\m_000_004_lco.png
erdbeerhugel\data\layers\m_000_005_lco.png
erdbeerhugel\data\layers\m_000_006_lco.png
erdbeerhugel\data\layers\m_000_007_lco.png
erdbeerhugel\data\layers\m_000_008_lco.png
erdbeerhugel\data\layers\m_000_009_lco.png
erdbeerhugel\data\layers\m_000_010_lco.png
erdbeerhugel\data\layers\m_001_000_lco.png
erdbeerhugel\data\layers\m_001_001_lco.png
erdbeerhugel\data\layers\m_001_002_lco.png
erdbeerhugel\data\layers\m_001_003_lco.png
erdbeerhugel\data\layers\m_001_004_lco.png
erdbeerhugel\data\layers\m_001_005_lco.png
erdbeerhugel\data\layers\m_001_006_lco.png
erdbeerhugel\data\layers\m_001_007_lco.png
erdbeerhugel\data\layers\m_001_008_lco.png
erdbeerhugel\data\layers\m_001_009_lco.png
erdbeerhugel\data\layers\m_001_010_lco.png
erdbeerhugel\data\layers\m_002_000_lco.png
erdbeerhugel\data\layers\m_002_001_lco.png
erdbeerhugel\data\layers\m_002_002_lco.png
erdbeerhugel\data\layers\m_002_003_lco.png
erdbeerhugel\data\layers\m_002_004_lco.png
erdbeerhugel\data\layers\m_002_005_lco.png
erdbeerhugel\data\layers\m_002_006_lco.png
erdbeerhugel\data\layers\m_002_007_lco.png
erdbeerhugel\data\layers\m_002_008_lco.png
erdbeerhugel\data\layers\m_002_009_lco.png
erdbeerhugel\data\layers\m_002_010_lco.png
erdbeerhugel\data\layers\m_003_000_lco.png
erdbeerhugel\data\layers\m_003_001_lco.png
erdbeerhugel\data\layers\m_003_002_lco.png
erdbeerhugel\data\layers\m_003_003_lco.png
erdbeerhugel\data\layers\m_003_004_lco.png
erdbeerhugel\data\layers\m_003_005_lco.png
erdbeerhugel\data\layers\m_003_006_lco.png
erdbeerhugel\data\layers\m_003_007_lco.png
erdbeerhugel\data\layers\m_003_008_lco.png
erdbeerhugel\data\layers\m_003_009_lco.png
erdbeerhugel\data\layers\m_003_010_lco.png
erdbeerhugel\data\layers\m_004_000_lco.png
erdbeerhugel\data\layers\m_004_001_lco.png
erdbeerhugel\data\layers\m_004_002_lco.png
erdbeerhugel\data\layers\m_004_003_lco.png
erdbeerhugel\data\layers\m_004_004_lco.png
erdbeerhugel\data\layers\m_004_005_lco.png
erdbeerhugel\data\layers\m_004_006_lco.png
erdbeerhugel\data\layers\m_004_007_lco.png
erdbeerhugel\data\layers\m_004_008_lco.png
erdbeerhugel\data\layers\m_004_009_lco.png
erdbeerhugel\data\layers\m_004_010_lco.png
erdbeerhugel\data\layers\m_005_000_lco.png
erdbeerhugel\data\layers\m_005_001_lco.png
erdbeerhugel\data\layers\m_005_002_lco.png
erdbeerhugel\data\layers\m_005_003_lco.png
erdbeerhugel\data\layers\m_005_004_lco.png
erdbeerhugel\data\layers\m_005_005_lco.png
erdbeerhugel\data\layers\m_005_006_lco.png
erdbeerhugel\data\layers\m_005_007_lco.png
erdbeerhugel\data\layers\m_005_008_lco.png
erdbeerhugel\data\layers\m_005_009_lco.png
erdbeerhugel\data\layers\m_005_010_lco.png
erdbeerhugel\data\layers\m_006_000_lco.png
erdbeerhugel\data\layers\m_006_001_lco.png
erdbeerhugel\data\layers\m_006_002_lco.png
erdbeerhugel\data\layers\m_006_003_lco.png
erdbeerhugel\data\layers\m_006_004_lco.png
erdbeerhugel\data\layers\m_006_005_lco.png
erdbeerhugel\data\layers\m_006_006_lco.png
erdbeerhugel\data\layers\m_006_007_lco.png
erdbeerhugel\data\layers\m_006_008_lco.png
erdbeerhugel\data\layers\m_006_009_lco.png
erdbeerhugel\data\layers\m_006_010_lco.png
erdbeerhugel\data\layers\m_007_000_lco.png
erdbeerhugel\data\layers\m_007_001_lco.png
erdbeerhugel\data\layers\m_007_002_lco.png
erdbeerhugel\data\layers\m_007_003_lco.png
erdbeerhugel\data\layers\m_007_004_lco.png
erdbeerhugel\data\layers\m_007_005_lco.png
erdbeerhugel\data\layers\m_007_006_lco.png
erdbeerhugel\data\layers\m_007_007_lco.png
erdbeerhugel\data\layers\m_007_008_lco.png
erdbeerhugel\data\layers\m_007_009_lco.png
erdbeerhugel\data\layers\m_007_010_lco.png
erdbeerhugel\data\layers\m_008_000_lco.png
erdbeerhugel\data\layers\m_008_001_lco.png
erdbeerhugel\data\layers\m_008_002_lco.png
erdbeerhugel\data\layers\m_008_003_lco.png
erdbeerhugel\data\layers\m_008_004_lco.png
erdbeerhugel\data\layers\m_008_005_lco.png
erdbeerhugel\data\layers\m_008_006_lco.png
erdbeerhugel\data\layers\m_008_007_lco.png
erdbeerhugel\data\layers\m_008_008_lco.png
erdbeerhugel\data\layers\m_008_009_lco.png
erdbeerhugel\data\layers\m_008_010_lco.png
erdbeerhugel\data\layers\m_009_000_lco.png
erdbeerhugel\data\layers\m_009_001_lco.png
erdbeerhugel\data\layers\m_009_002_lco.png
erdbeerhugel\data\layers\m_009_003_lco.png
erdbeerhugel\data\layers\m_009_004_lco.png
erdbeerhugel\data\layers\m_009_005_lco.png
erdbeerhugel\data\layers\m_009_006_lco.png
erdbeerhugel\data\layers\m_009_007_lco.png
erdbeerhugel\data\layers\m_009_008_lco.png
erdbeerhugel\data\layers\m_009_009_lco.png
erdbeerhugel\data\layers\m_009_010_lco.png
erdbeerhugel\data\layers\m_010_000_lco.png
erdbeerhugel\data\layers\m_010_001_lco.png
erdbeerhugel\data\layers\m_010_002_lco.png
erdbeerhugel\data\layers\m_010_003_lco.png
erdbeerhugel\data\layers\m_010_004_lco.png
erdbeerhugel\data\layers\m_010_005_lco.png
erdbeerhugel\data\layers\m_010_006_lco.png
erdbeerhugel\data\layers\m_010_007_lco.png
erdbeerhugel\data\layers\m_010_008_lco.png
erdbeerhugel\data\layers\m_010_009_lco.png
erdbeerhugel\data\layers\m_010_010_lco.png
erdbeerhugel\data\layers\s_000_000_lco.png
erdbeerhugel\data\layers\s_000_001_lco.png
erdbeerhugel\data\layers\s_000_002_lco.png
erdbeerhugel\data\layers\s_000_003_lco.png
erdbeerhugel\data\layers\s_000_004_lco.png
erdbeerhugel\data\layers\s_000_005_lco.png
erdbeerhugel\data\layers\s_000_006_lco.png
erdbeerhugel\data\layers\s_000_007_lco.png
erdbeerhugel\data\layers\s_000_008_lco.png
erdbeerhugel\data\layers\s_000_009_lco.png
erdbeerhugel\data\layers\s_000_010_lco.png
erdbeerhugel\data\layers\s_001_000_lco.png
erdbeerhugel\data\layers\s_001_001_lco.png
erdbeerhugel\data\layers\s_001_002_lco.png
erdbeerhugel\data\layers\s_001_003_lco.png
erdbeerhugel\data\layers\s_001_004_lco.png
erdbeerhugel\data\layers\s_001_005_lco.png
erdbeerhugel\data\layers\s_001_006_lco.png
erdbeerhugel\data\layers\s_001_007_lco.png
erdbeerhugel\data\layers\s_001_008_lco.png
erdbeerhugel\data\layers\s_001_009_lco.png
erdbeerhugel\data\layers\s_001_010_lco.png
erdbeerhugel\data\layers\s_002_000_lco.png
erdbeerhugel\data\layers\s_002_001_lco.png
erdbeerhugel\data\layers\s_002_002_lco.png
erdbeerhugel\data\layers\s_002_003_lco.png
erdbeerhugel\data\layers\s_002_004_lco.png
erdbeerhugel\data\layers\s_002_005_lco.png
erdbeerhugel\data\layers\s_002_006_lco.png
erdbeerhugel\data\layers\s_002_007_lco.png
erdbeerhugel\data\layers\s_002_008_lco.png
erdbeerhugel\data\layers\s_002_009_lco.png
erdbeerhugel\data\layers\s_002_010_lco.png
erdbeerhugel\data\layers\s_003_000_lco.png
erdbeerhugel\data\layers\s_003_001_lco.png
erdbeerhugel\data\layers\s_003_002_lco.png
erdbeerhugel\data\layers\s_003_003_lco.png
erdbeerhugel\data\layers\s_003_004_lco.png
erdbeerhugel\data\layers\s_003_005_lco.png
erdbeerhugel\data\layers\s_003_006_lco.png
erdbeerhugel\data\layers\s_003_007_lco.png
erdbeerhugel\data\layers\s_003_008_lco.png
erdbeerhugel\data\layers\s_003_009_lco.png
erdbeerhugel\data\layers\s_003_010_lco.png
erdbeerhugel\data\layers\s_004_000_lco.png
erdbeerhugel\data\layers\s_004_001_lco.png
erdbeerhugel\data\layers\s_004_002_lco.png
erdbeerhugel\data\layers\s_004_003_lco.png
erdbeerhugel\data\layers\s_004_004_lco.png
erdbeerhugel\data\layers\s_004_005_lco.png
erdbeerhugel\data\layers\s_004_006_lco.png
erdbeerhugel\data\layers\s_004_007_lco.png
erdbeerhugel\data\layers\s_004_008_lco.png
erdbeerhugel\data\layers\s_004_009_lco.png
erdbeerhugel\data\layers\s_004_010_lco.png
erdbeerhugel\data\layers\s_005_000_lco.png
erdbeerhugel\data\layers\s_005_001_lco.png
erdbeerhugel\data\layers\s_005_002_lco.png
erdbeerhugel\data\layers\s_005_003_lco.png
erdbeerhugel\data\layers\s_005_004_lco.png
erdbeerhugel\data\layers\s_005_005_lco.png
erdbeerhugel\data\layers\s_005_006_lco.png
erdbeerhugel\data\layers\s_005_007_lco.png
erdbeerhugel\data\layers\s_005_008_lco.png
erdbeerhugel\data\layers\s_005_009_lco.png
erdbeerhugel\data\layers\s_005_010_lco.png
erdbeerhugel\data\layers\s_006_000_lco.png
erdbeerhugel\data\layers\s_006_001_lco.png
erdbeerhugel\data\layers\s_006_002_lco.png
erdbeerhugel\data\layers\s_006_003_lco.png
erdbeerhugel\data\layers\s_006_004_lco.png
erdbeerhugel\data\layers\s_006_005_lco.png
erdbeerhugel\data\layers\s_006_006_lco.png
erdbeerhugel\data\layers\s_006_007_lco.png
erdbeerhugel\data\layers\s_006_008_lco.png
erdbeerhugel\data\layers\s_006_009_lco.png
erdbeerhugel\data\layers\s_006_010_lco.png
erdbeerhugel\data\layers\s_007_000_lco.png
erdbeerhugel\data\layers\s_007_001_lco.png
erdbeerhugel\data\layers\s_007_002_lco.png
erdbeerhugel\data\layers\s_007_003_lco.png
erdbeerhugel\data\layers\s_007_004_lco.png
erdbeerhugel\data\layers\s_007_005_lco.png
erdbeerhugel\data\layers\s_007_006_lco.png
erdbeerhugel\data\layers\s_007_007_lco.png
erdbeerhugel\data\layers\s_007_008_lco.png
erdbeerhugel\data\layers\s_007_009_lco.png
erdbeerhugel\data\layers\s_007_010_lco.png
erdbeerhugel\data\layers\s_008_000_lco.png
erdbeerhugel\data\layers\s_008_001_lco.png
erdbeerhugel\data\layers\s_008_002_lco.png
erdbeerhugel\data\layers\s_008_003_lco.png
erdbeerhugel\data\layers\s_008_004_lco.png
erdbeerhugel\data\layers\s_008_005_lco.png
erdbeerhugel\data\layers\s_008_006_lco.png
erdbeerhugel\data\layers\s_008_007_lco.png
erdbeerhugel\data\layers\s_008_008_lco.png
erdbeerhugel\data\layers\s_008_009_lco.png
erdbeerhugel\data\layers\s_008_010_lco.png
erdbeerhugel\data\layers\s_009_000_lco.png
erdbeerhugel\data\layers\s_009_001_lco.png
erdbeerhugel\data\layers\s_009_002_lco.png
erdbeerhugel\data\layers\s_009_003_lco.png
erdbeerhugel\data\layers\s_009_004_lco.png
erdbeerhugel\data\layers\s_009_005_lco.png
erdbeerhugel\data\layers\s_009_006_lco.png
erdbeerhugel\data\layers\s_009_007_lco.png
erdbeerhugel\data\layers\s_009_008_lco.png
erdbeerhugel\data\layers\s_009_009_lco.png
erdbeerhugel\data\layers\s_009_010_lco.png
erdbeerhugel\data\layers\s_010_000_lco.png
erdbeerhugel\data\layers\s_010_001_lco.png
erdbeerhugel\data\layers\s_010_002_lco.png
erdbeerhugel\data\layers\s_010_003_lco.png
erdbeerhugel\data\layers\s_010_004_lco.png
erdbeerhugel\data\layers\s_010_005_lco.png
erdbeerhugel\data\layers\s_010_006_lco.png
erdbeerhugel\data\layers\s_010_007_lco.png
erdbeerhugel\data\layers\s_010_008_lco.png
erdbeerhugel\data\layers\s_010_009_lco.png
erdbeerhugel\data\layers\s_010_010_lco.png
erdbeerhugel\src\grn.png
erdbeerhugel\src\maplegend.png
erdbeerhugel\src\rgb_mask.png
erdbeerhugel\src\satmap_blockisland.png
